// Jest Snapshot v1, https://goo.gl/fbAQLP

exports[`Pruebas en <NavBar /> debe de mostrarse correctamente 1`] = `
<nav
  className="navbar navbar-expand-sm navbar-dark bg-dark"
>
  <div
    className="container-fluid"
  >
    <a
      className="navbar-brand h1 mb-0"
      onClick={[Function]}
    >
      HEROES-APP
    </a>
    <div
      className="navbar-collapse"
    >
      <div
        className="navbar-nav me-auto"
      >
        <a
          aria-current={null}
          className="nav-item nav-link"
          onClick={[Function]}
        >
          Marvel
        </a>
        <a
          aria-current={null}
          className="nav-item nav-link"
          onClick={[Function]}
        >
          DC
        </a>
        <a
          aria-current={null}
          className="nav-item nav-link"
          onClick={[Function]}
        >
          Search
        </a>
      </div>
      <div
        className="navbar-nav"
      >
        <span
          className="nav-item nav-link text-info m-0"
        >
          Test
        </span>
        <button
          className="nav-item nav-link btn"
          onClick={[Function]}
        >
          Logout
        </button>
      </div>
    </div>
  </div>
</nav>
`;
